2026-06-08 12:33:54 [main] INFO  tracklogger - Organisation Service Started Successfully
2026-06-08 16:39:38 [main] INFO  tracklogger - Organisation Service Started Successfully
2026-06-08 16:44:30 [main] INFO  tracklogger - Organisation Service Started Successfully
2026-06-08 16:46:16 [http-nio-9329-exec-9] INFO  tracklogger - Fetching entities by type | type=TEAM
2026-06-08 16:46:16 [http-nio-9329-exec-9] ERROR tracklogger - No entities found | type=TEAM
2026-06-08 16:46:26 [http-nio-9329-exec-10] INFO  tracklogger - Fetching entities by type | type=DEPARTMENT
2026-06-08 16:46:26 [http-nio-9329-exec-10] INFO  tracklogger - Entities fetched successfully | type=DEPARTMENT count=4
2026-06-08 16:53:07 [http-nio-9329-exec-4] INFO  tracklogger - Create organisation request received | name=Apex Innovation Labs 20260608
2026-06-08 16:53:07 [http-nio-9329-exec-4] INFO  tracklogger - Organisation created successfully | id=bd6cf3c4-2c79-45fc-bd5f-a8eecffe8ca6 name=Apex Innovation Labs 20260608
2026-06-08 16:54:38 [http-nio-9329-exec-1] INFO  tracklogger - Creating entity | type=BRANCH orgId=bd6cf3c4-2c79-45fc-bd5f-a8eecffe8ca6
2026-06-08 16:54:38 [http-nio-9329-exec-1] INFO  tracklogger - Entity created successfully | id=d0ce11bc-2c63-4825-ab46-297e12a85b18 type=BRANCH
2026-06-08 16:54:56 [http-nio-9329-exec-2] INFO  tracklogger - Creating entity | type=DEPARTMENT orgId=bd6cf3c4-2c79-45fc-bd5f-a8eecffe8ca6
2026-06-08 16:54:56 [http-nio-9329-exec-2] INFO  tracklogger - Entity created successfully | id=064329c0-66da-4754-8ca2-6565b2f03e39 type=DEPARTMENT
2026-06-08 16:55:35 [http-nio-9329-exec-3] INFO  tracklogger - Fetching entities by org | orgId=bd6cf3c4-2c79-45fc-bd5f-a8eecffe8ca6
2026-06-08 16:55:35 [http-nio-9329-exec-3] INFO  tracklogger - Entities fetched successfully | orgId=bd6cf3c4-2c79-45fc-bd5f-a8eecffe8ca6 count=2
2026-06-08 16:55:56 [http-nio-9329-exec-7] INFO  tracklogger - Fetching entity metadata | entityId=064329c0-66da-4754-8ca2-6565b2f03e39
2026-06-08 16:55:56 [http-nio-9329-exec-7] ERROR tracklogger - Entity metadata not found | entityId=064329c0-66da-4754-8ca2-6565b2f03e39
2026-06-08 16:56:38 [http-nio-9329-exec-8] INFO  tracklogger - Fetching entity metadata | entityId=bd6cf3c4-2c79-45fc-bd5f-a8eecffe8ca6
2026-06-08 16:56:38 [http-nio-9329-exec-8] ERROR tracklogger - Entity metadata not found | entityId=bd6cf3c4-2c79-45fc-bd5f-a8eecffe8ca6
2026-06-08 16:59:39 [http-nio-9329-exec-7] INFO  tracklogger - Creating entity | type=DEPARTMENT orgId=bd6cf3c4-2c79-45fc-bd5f-a8eecffe8ca6
2026-06-08 16:59:39 [http-nio-9329-exec-7] INFO  tracklogger - Entity created successfully | id=0ad94f26-8afe-4b67-b83b-daf443efc03e type=DEPARTMENT
2026-06-08 17:00:08 [http-nio-9329-exec-8] INFO  tracklogger - Fetching entity metadata | entityId=0ad94f26-8afe-4b67-b83b-daf443efc03e
2026-06-08 17:00:08 [http-nio-9329-exec-8] ERROR tracklogger - Entity metadata not found | entityId=0ad94f26-8afe-4b67-b83b-daf443efc03e
2026-06-08 17:05:04 [http-nio-9329-exec-10] INFO  tracklogger - Fetching entities by org | orgId=bd6cf3c4-2c79-45fc-bd5f-a8eecffe8ca6
2026-06-08 17:05:04 [http-nio-9329-exec-10] INFO  tracklogger - Entities fetched successfully | orgId=bd6cf3c4-2c79-45fc-bd5f-a8eecffe8ca6 count=3
2026-06-08 17:06:45 [http-nio-9329-exec-4] INFO  tracklogger - Creating entity metadata | orgId=bd6cf3c4-2c79-45fc-bd5f-a8eecffe8ca6 entityId=d0ce11bc-2c63-4825-ab46-297e12a85b18
2026-06-08 17:06:45 [http-nio-9329-exec-4] INFO  tracklogger - Entity metadata created successfully | entityId=d0ce11bc-2c63-4825-ab46-297e12a85b18
2026-06-08 17:08:33 [http-nio-9329-exec-1] INFO  tracklogger - Creating entity metadata | orgId=bd6cf3c4-2c79-45fc-bd5f-a8eecffe8ca6 entityId=d0ce11bc-2c63-4825-ab46-297e12a85b18
2026-06-08 17:08:33 [http-nio-9329-exec-1] ERROR tracklogger - Entity metadata already exists | entityId=d0ce11bc-2c63-4825-ab46-297e12a85b18
2026-06-08 17:08:41 [http-nio-9329-exec-2] INFO  tracklogger - Creating entity metadata | orgId=bd6cf3c4-2c79-45fc-bd5f-a8eecffe8ca6 entityId=d0ce11bc-2c63-4825-ab46-297e12a85b18
2026-06-08 17:08:41 [http-nio-9329-exec-2] ERROR tracklogger - Entity metadata already exists | entityId=d0ce11bc-2c63-4825-ab46-297e12a85b18
2026-06-08 17:08:59 [http-nio-9329-exec-3] INFO  tracklogger - Fetching entity metadata | page=0 size=10 sortBy=null sortDir=null search=null
2026-06-08 17:08:59 [http-nio-9329-exec-3] INFO  tracklogger - Entity metadata fetched successfully | totalElements=1
2026-06-08 17:09:19 [http-nio-9329-exec-7] INFO  tracklogger - Creating entity metadata | orgId=bd6cf3c4-2c79-45fc-bd5f-a8eecffe8ca6 entityId=064329c0-66da-4754-8ca2-6565b2f03e39
2026-06-08 17:09:19 [http-nio-9329-exec-7] INFO  tracklogger - Entity metadata created successfully | entityId=064329c0-66da-4754-8ca2-6565b2f03e39
2026-06-08 17:09:37 [http-nio-9329-exec-8] INFO  tracklogger - Creating entity metadata | orgId=bd6cf3c4-2c79-45fc-bd5f-a8eecffe8ca6 entityId=d0ce11bc-2c63-4825-ab46-297e12a85b18
2026-06-08 17:09:37 [http-nio-9329-exec-8] ERROR tracklogger - Entity metadata already exists | entityId=d0ce11bc-2c63-4825-ab46-297e12a85b18
2026-06-08 17:10:52 [http-nio-9329-exec-10] INFO  tracklogger - Fetching entity metadata | page=0 size=10 sortBy=null sortDir=null search=null
2026-06-08 17:10:52 [http-nio-9329-exec-10] INFO  tracklogger - Entity metadata fetched successfully | totalElements=2
2026-06-08 17:13:20 [http-nio-9329-exec-4] INFO  tracklogger - Creating entity metadata | orgId=bd6cf3c4-2c79-45fc-bd5f-a8eecffe8ca6 entityId=d0ce11bc-2c63-4825-ab46-297e12a85b18
2026-06-08 17:13:20 [http-nio-9329-exec-4] ERROR tracklogger - Entity metadata already exists | entityId=d0ce11bc-2c63-4825-ab46-297e12a85b18
2026-06-08 17:14:58 [http-nio-9329-exec-1] INFO  tracklogger - Creating entity metadata | orgId=bd6cf3c4-2c79-45fc-bd5f-a8eecffe8ca6 entityId=d0ce11bc-2c63-4825-ab46-297e12a85b18
2026-06-08 17:14:58 [http-nio-9329-exec-1] ERROR tracklogger - Entity metadata already exists | entityId=d0ce11bc-2c63-4825-ab46-297e12a85b18
2026-06-08 17:24:22 [http-nio-9329-exec-3] INFO  tracklogger - Creating entity metadata | orgId=607e1998-a595-453d-b073-6b4c556be251 entityId=6f05fe90-ea32-409c-aaf7-a8ba20b4f317
2026-06-08 17:24:22 [http-nio-9329-exec-3] INFO  tracklogger - Entity metadata created successfully | entityId=6f05fe90-ea32-409c-aaf7-a8ba20b4f317
2026-06-08 17:26:25 [http-nio-9329-exec-8] INFO  tracklogger - Creating entity metadata | orgId=607e1998-a595-453d-b073-6b4c556be251 entityId=86dc3351-808f-4af9-83b0-55d83b4d2033
2026-06-08 17:26:25 [http-nio-9329-exec-8] INFO  tracklogger - Entity metadata created successfully | entityId=86dc3351-808f-4af9-83b0-55d83b4d2033
2026-06-08 17:26:45 [http-nio-9329-exec-9] INFO  tracklogger - Creating entity metadata | orgId=bd6cf3c4-2c79-45fc-bd5f-a8eecffe8ca6 entityId=d0ce11bc-2c63-4825-ab46-297e12a85b18
2026-06-08 17:26:45 [http-nio-9329-exec-9] ERROR tracklogger - Entity metadata already exists | entityId=d0ce11bc-2c63-4825-ab46-297e12a85b18
2026-06-08 17:27:06 [http-nio-9329-exec-5] INFO  tracklogger - Creating entity metadata | orgId=bd6cf3c4-2c79-45fc-bd5f-a8eecffe8ca6 entityId=064329c0-66da-4754-8ca2-6565b2f03e39
2026-06-08 17:27:06 [http-nio-9329-exec-5] ERROR tracklogger - Entity metadata already exists | entityId=064329c0-66da-4754-8ca2-6565b2f03e39
2026-06-08 17:46:47 [http-nio-9329-exec-6] INFO  tracklogger - Fetching entity metadata | page=0 size=10 sortBy=null sortDir=null search=null
2026-06-08 17:46:47 [http-nio-9329-exec-6] INFO  tracklogger - Entity metadata fetched successfully | totalElements=4
